HEADER
"PSFversion" "1.00"
"/Ctrl_Ack<4>" "test.top.Ctrl_Ack[4]"
"/ReadData<8>" "test.top.ReadData[8]"
"/ReadData<9>" "test.top.ReadData[9]"
"/ReadData<10>" "test.top.ReadData[10]"
"/WriteData<22>" "test.top.WriteData[22]"
"/RD_Ack<2>" "test.top.RD_Ack[2]"
"/WriteData<13>" "test.top.WriteData[13]"
"/WriteData<31>" "test.top.WriteData[31]"
"/WriteData<19>" "test.top.WriteData[19]"
"/WriteData<20>" "test.top.WriteData[20]"
"/WriteData<12>" "test.top.WriteData[12]"
"/A<3>" "test.top.A[3]"
"/A<9>" "test.top.A[9]"
"/WriteData<10>" "test.top.WriteData[10]"
"/WriteData<14>" "test.top.WriteData[14]"
"/ReadData<23>" "test.top.ReadData[23]"
"/A<16>" "test.top.A[16]"
"/A<15>" "test.top.A[15]"
"/WriteData<16>" "test.top.WriteData[16]"
"/WriteData<29>" "test.top.WriteData[29]"
"/A<14>" "test.top.A[14]"
"/ReadData<2>" "test.top.ReadData[2]"
"/A<17>" "test.top.A[17]"
"/WriteData<1>" "test.top.WriteData[1]"
"/WriteData<0>" "test.top.WriteData[0]"
"/A<7>" "test.top.A[7]"
"/WriteAck<6>" "test.top.WriteAck[6]"
"/ReadData<22>" "test.top.ReadData[22]"
"/A<18>" "test.top.A[18]"
"/RD_Ack<6>" "test.top.RD_Ack[6]"
"/ReadData<5>" "test.top.ReadData[5]"
"/WriteData<3>" "test.top.WriteData[3]"
"/A<5>" "test.top.A[5]"
"/ReadData<15>" "test.top.ReadData[15]"
"/ReadData<27>" "test.top.ReadData[27]"
"/ReadData<26>" "test.top.ReadData[26]"
"/ReadData<25>" "test.top.ReadData[25]"
"/ReadData<4>" "test.top.ReadData[4]"
"/WriteData<7>" "test.top.WriteData[7]"
"/A<1>" "test.top.A[1]"
"/ReadData<7>" "test.top.ReadData[7]"
"/WriteData<23>" "test.top.WriteData[23]"
"/A<10>" "test.top.A[10]"
"/WriteAck<7>" "test.top.WriteAck[7]"
"/RD_Ack<5>" "test.top.RD_Ack[5]"
"/WriteAck<1>" "test.top.WriteAck[1]"
"/ReadData<6>" "test.top.ReadData[6]"
"/RD_Ack<3>" "test.top.RD_Ack[3]"
"/WriteData<28>" "test.top.WriteData[28]"
"/WriteData<4>" "test.top.WriteData[4]"
"/A<8>" "test.top.A[8]"
"/ReadData<12>" "test.top.ReadData[12]"
"/ReadData<16>" "test.top.ReadData[16]"
"/ReadData<3>" "test.top.ReadData[3]"
"/RD_Ack<1>" "test.top.RD_Ack[1]"
"/WriteData<17>" "test.top.WriteData[17]"
"/ReadData<13>" "test.top.ReadData[13]"
"/WriteData<27>" "test.top.WriteData[27]"
"/WriteData<18>" "test.top.WriteData[18]"
"/A<13>" "test.top.A[13]"
"/Ctrl_Ack<3>" "test.top.Ctrl_Ack[3]"
"/ReadData<29>" "test.top.ReadData[29]"
"/RD_Ack<0>" "test.top.RD_Ack[0]"
"/RD_Ack<7>" "test.top.RD_Ack[7]"
"/A<12>" "test.top.A[12]"
"/ReadData<28>" "test.top.ReadData[28]"
"/Ctrl_Ack<1>" "test.top.Ctrl_Ack[1]"
"/RD_Ack<4>" "test.top.RD_Ack[4]"
"/WriteData<26>" "test.top.WriteData[26]"
"/A<2>" "test.top.A[2]"
"/WriteAck<3>" "test.top.WriteAck[3]"
"/A<6>" "test.top.A[6]"
"/WriteData<5>" "test.top.WriteData[5]"
"/Ack" "test.top.Ack"
"/Ctrl_Ack<2>" "test.top.Ctrl_Ack[2]"
"/WriteData<30>" "test.top.WriteData[30]"
"/ReadData<31>" "test.top.ReadData[31]"
"/ReadData<18>" "test.top.ReadData[18]"
"/WriteData<8>" "test.top.WriteData[8]"
"/WriteData<21>" "test.top.WriteData[21]"
"/WriteData<2>" "test.top.WriteData[2]"
"/WriteAck<0>" "test.top.WriteAck[0]"
"/WriteData<15>" "test.top.WriteData[15]"
"/RW<1>" "test.top.RW[1]"
"/ReadData<11>" "test.top.ReadData[11]"
"/WriteData<25>" "test.top.WriteData[25]"
"/A<4>" "test.top.A[4]"
"/WriteData<24>" "test.top.WriteData[24]"
"/RW<0>" "test.top.RW[0]"
"/A<11>" "test.top.A[11]"
"/WriteData<11>" "test.top.WriteData[11]"
"/ReadData<19>" "test.top.ReadData[19]"
"/ReadData<21>" "test.top.ReadData[21]"
"/ReadData<20>" "test.top.ReadData[20]"
"/WriteAck<2>" "test.top.WriteAck[2]"
"/WriteData<6>" "test.top.WriteData[6]"
"/ReadData<17>" "test.top.ReadData[17]"
"/A<19>" "test.top.A[19]"
"/ReadData<24>" "test.top.ReadData[24]"
"/ReadData<30>" "test.top.ReadData[30]"
"/Ctrl_Ack<0>" "test.top.Ctrl_Ack[0]"
"/WriteAck<5>" "test.top.WriteAck[5]"
"/WriteAck<4>" "test.top.WriteAck[4]"
"/WriteData<9>" "test.top.WriteData[9]"
"/ReadData<14>" "test.top.ReadData[14]"
"/ReadData<1>" "test.top.ReadData[1]"
"/A<0>" "test.top.A[0]"
"/ReadData<0>" "test.top.ReadData[0]"
"/A<19:0>" "test.top.A[19:0]"
"/Ctrl_Ack<4:0>" "test.top.Ctrl_Ack[4:0]"
"/WriteData<31:0>" "test.top.WriteData[31:0]"
"/RW<1:0>" "test.top.RW[1:0]"
"/RD_Ack<7:0>" "test.top.RD_Ack[7:0]"
"/ReadData<31:0>" "test.top.ReadData[31:0]"
"/WriteAck<7:0>" "test.top.WriteAck[7:0]"
