HEADER
"PSFversion" "1.00"
"/W_Address<2>" "test.top.W_Address[2]"
"/W_Address<3>" "test.top.W_Address[3]"
"/W_Address<4>" "test.top.W_Address[4]"
"/W_Address<5>" "test.top.W_Address[5]"
"/W_Address<6>" "test.top.W_Address[6]"
"/W_Address<7>" "test.top.W_Address[7]"
"/W_Address<8>" "test.top.W_Address[8]"
"/W_Address<9>" "test.top.W_Address[9]"
"/W_Address<10>" "test.top.W_Address[10]"
"/W_Address<11>" "test.top.W_Address[11]"
"/RData<30>" "test.top.RData[30]"
"/WriteEn" "test.top.WriteEn"
"/RData<26>" "test.top.RData[26]"
"/RData<28>" "test.top.RData[28]"
"/WDataAck<12>" "test.top.WDataAck[12]"
"/WDataAck<11>" "test.top.WDataAck[11]"
"/Data1<20>" "test.top.Data1[20]"
"/Data1<21>" "test.top.Data1[21]"
"/Data1<22>" "test.top.Data1[22]"
"/Data1<23>" "test.top.Data1[23]"
"/RData<25>" "test.top.RData[25]"
"/RData<29>" "test.top.RData[29]"
"/WDataAck<8>" "test.top.WDataAck[8]"
"/WDataAck<9>" "test.top.WDataAck[9]"
"/WDataAck<10>" "test.top.WDataAck[10]"
"/RData<31>" "test.top.RData[31]"
"/RData<27>" "test.top.RData[27]"
"/RData<24>" "test.top.RData[24]"
"/RData<23>" "test.top.RData[23]"
"/RData<22>" "test.top.RData[22]"
"/RData<21>" "test.top.RData[21]"
"/RData<20>" "test.top.RData[20]"
"/RData<19>" "test.top.RData[19]"
"/RData<18>" "test.top.RData[18]"
"/RData<17>" "test.top.RData[17]"
"/RData<16>" "test.top.RData[16]"
"/RData<15>" "test.top.RData[15]"
"/RData<14>" "test.top.RData[14]"
"/RData<13>" "test.top.RData[13]"
"/RData<12>" "test.top.RData[12]"
"/RData<11>" "test.top.RData[11]"
"/W_Address<1>" "test.top.W_Address[1]"
"/W_Address<0>" "test.top.W_Address[0]"
"/Data1<19>" "test.top.Data1[19]"
"/RData<10>" "test.top.RData[10]"
"/Data1<18>" "test.top.Data1[18]"
"/RData<9>" "test.top.RData[9]"
"/Data1<17>" "test.top.Data1[17]"
"/RData<8>" "test.top.RData[8]"
"/Data1<16>" "test.top.Data1[16]"
"/Data1<15>" "test.top.Data1[15]"
"/RData<7>" "test.top.RData[7]"
"/Data1<14>" "test.top.Data1[14]"
"/Data1<13>" "test.top.Data1[13]"
"/RData<6>" "test.top.RData[6]"
"/RData<5>" "test.top.RData[5]"
"/RData<4>" "test.top.RData[4]"
"/RData<3>" "test.top.RData[3]"
"/RData<2>" "test.top.RData[2]"
"/RData<1>" "test.top.RData[1]"
"/RData<0>" "test.top.RData[0]"
"/WDataAck<13>" "test.top.WDataAck[13]"
"/ReadEn" "test.top.ReadEn"
"/WDataAck<15>" "test.top.WDataAck[15]"
"/Data1<9>" "test.top.Data1[9]"
"/Data1<8>" "test.top.Data1[8]"
"/Data1<7>" "test.top.Data1[7]"
"/Data1<6>" "test.top.Data1[6]"
"/Data1<5>" "test.top.Data1[5]"
"/Data1<4>" "test.top.Data1[4]"
"/Data1<3>" "test.top.Data1[3]"
"/Data1<2>" "test.top.Data1[2]"
"/Data1<12>" "test.top.Data1[12]"
"/Data1<10>" "test.top.Data1[10]"
"/Data1<1>" "test.top.Data1[1]"
"/Data1<0>" "test.top.Data1[0]"
"/Data1<11>" "test.top.Data1[11]"
"/Data1<26>" "test.top.Data1[26]"
"/Data1<30>" "test.top.Data1[30]"
"/WriteAck" "test.top.WriteAck"
"/Data1<28>" "test.top.Data1[28]"
"/WDataAck<14>" "test.top.WDataAck[14]"
"/WDataAck<0>" "test.top.WDataAck[0]"
"/WDataAck<1>" "test.top.WDataAck[1]"
"/WDataAck<2>" "test.top.WDataAck[2]"
"/WDataAck<3>" "test.top.WDataAck[3]"
"/WDataAck<4>" "test.top.WDataAck[4]"
"/WDataAck<5>" "test.top.WDataAck[5]"
"/WDataAck<6>" "test.top.WDataAck[6]"
"/WDataAck<7>" "test.top.WDataAck[7]"
"/R_Address<0>" "test.top.R_Address[0]"
"/R_Address<1>" "test.top.R_Address[1]"
"/R_Address<2>" "test.top.R_Address[2]"
"/R_Address<3>" "test.top.R_Address[3]"
"/R_Address<4>" "test.top.R_Address[4]"
"/R_Address<5>" "test.top.R_Address[5]"
"/R_Address<6>" "test.top.R_Address[6]"
"/R_Address<7>" "test.top.R_Address[7]"
"/R_Address<8>" "test.top.R_Address[8]"
"/R_Address<9>" "test.top.R_Address[9]"
"/R_Address<10>" "test.top.R_Address[10]"
"/R_Address<11>" "test.top.R_Address[11]"
"/Data1<24>" "test.top.Data1[24]"
"/Data1<27>" "test.top.Data1[27]"
"/Data1<31>" "test.top.Data1[31]"
"/Data1<29>" "test.top.Data1[29]"
"/Data1<25>" "test.top.Data1[25]"
"/ReadAck" "test.top.ReadAck"
"/R_Address<11:0>" "test.top.R_Address[11:0]"
"/W_Address<11:0>" "test.top.W_Address[11:0]"
"/RData<31:0>" "test.top.RData[31:0]"
"/Data1<31:0>" "test.top.Data1[31:0]"
"/WDataAck<15:0>" "test.top.WDataAck[15:0]"
