HEADER
"PSFversion" "1.00"
"test.top.WData[18]" "/WData<18>"
"test.top.WData[19]" "/WData<19>"
"test.top.WData[26]" "/WData<26>"
"test.top.ReadEn" "/ReadEn"
"test.top.RData[26]" "/RData<26>"
"test.top.WriteEn" "/WriteEn"
"test.top.WDataAck[9]" "/WDataAck<9>"
"test.top.WDataAck[10]" "/WDataAck<10>"
"test.top.WDataAck[11]" "/WDataAck<11>"
"test.top.WDataAck[12]" "/WDataAck<12>"
"test.top.WDataAck[13]" "/WDataAck<13>"
"test.top.WDataAck[14]" "/WDataAck<14>"
"test.top.WDataAck[15]" "/WDataAck<15>"
"test.top.WDataAck[1]" "/WDataAck<1>"
"test.top.WDataAck[2]" "/WDataAck<2>"
"test.top.WriteAck" "/WriteAck"
"test.top.WData[29]" "/WData<29>"
"test.top.W_Address[6]" "/W_Address<6>"
"test.top.WData[28]" "/WData<28>"
"test.top.W_Address[8]" "/W_Address<8>"
"test.top.RData[13]" "/RData<13>"
"test.top.RData[14]" "/RData<14>"
"test.top.RData[15]" "/RData<15>"
"test.top.RData[24]" "/RData<24>"
"test.top.RData[27]" "/RData<27>"
"test.top.RData[31]" "/RData<31>"
"test.top.RData[29]" "/RData<29>"
"test.top.RData[25]" "/RData<25>"
"test.top.WDataAck[0]" "/WDataAck<0>"
"test.top.W_Address[10]" "/W_Address<10>"
"test.top.WData[25]" "/WData<25>"
"test.top.RData[28]" "/RData<28>"
"test.top.WData[31]" "/WData<31>"
"test.top.RData[30]" "/RData<30>"
"test.top.WData[27]" "/WData<27>"
"test.top.WData[24]" "/WData<24>"
"test.top.WData[15]" "/WData<15>"
"test.top.WData[14]" "/WData<14>"
"test.top.WData[13]" "/WData<13>"
"test.top.WData[12]" "/WData<12>"
"test.top.WData[11]" "/WData<11>"
"test.top.WData[10]" "/WData<10>"
"test.top.WData[9]" "/WData<9>"
"test.top.WData[8]" "/WData<8>"
"test.top.WData[7]" "/WData<7>"
"test.top.WData[17]" "/WData<17>"
"test.top.WData[16]" "/WData<16>"
"test.top.WData[6]" "/WData<6>"
"test.top.WData[5]" "/WData<5>"
"test.top.WData[4]" "/WData<4>"
"test.top.WData[3]" "/WData<3>"
"test.top.W_Address[9]" "/W_Address<9>"
"test.top.W_Address[5]" "/W_Address<5>"
"test.top.RData[16]" "/RData<16>"
"test.top.RData[17]" "/RData<17>"
"test.top.RData[18]" "/RData<18>"
"test.top.RData[19]" "/RData<19>"
"test.top.WData[23]" "/WData<23>"
"test.top.WData[22]" "/WData<22>"
"test.top.W_Address[0]" "/W_Address<0>"
"test.top.W_Address[1]" "/W_Address<1>"
"test.top.W_Address[2]" "/W_Address<2>"
"test.top.W_Address[3]" "/W_Address<3>"
"test.top.W_Address[4]" "/W_Address<4>"
"test.top.W_Address[7]" "/W_Address<7>"
"test.top.W_Address[11]" "/W_Address<11>"
"test.top.WData[20]" "/WData<20>"
"test.top.WData[21]" "/WData<21>"
"test.top.WData[2]" "/WData<2>"
"test.top.WData[1]" "/WData<1>"
"test.top.WData[0]" "/WData<0>"
"test.top.ReadAck" "/ReadAck"
"test.top.RData[3]" "/RData<3>"
"test.top.RData[20]" "/RData<20>"
"test.top.RData[21]" "/RData<21>"
"test.top.RData[22]" "/RData<22>"
"test.top.RData[23]" "/RData<23>"
"test.top.RData[1]" "/RData<1>"
"test.top.RData[0]" "/RData<0>"
"test.top.WDataAck[8]" "/WDataAck<8>"
"test.top.WDataAck[7]" "/WDataAck<7>"
"test.top.WDataAck[4]" "/WDataAck<4>"
"test.top.WDataAck[5]" "/WDataAck<5>"
"test.top.WDataAck[6]" "/WDataAck<6>"
"test.top.RData[12]" "/RData<12>"
"test.top.RData[11]" "/RData<11>"
"test.top.RData[10]" "/RData<10>"
"test.top.RData[8]" "/RData<8>"
"test.top.RData[9]" "/RData<9>"
"test.top.RData[7]" "/RData<7>"
"test.top.RData[6]" "/RData<6>"
"test.top.RData[5]" "/RData<5>"
"test.top.RData[4]" "/RData<4>"
"test.top.RData[2]" "/RData<2>"
"test.top.WDataAck[3]" "/WDataAck<3>"
"test.top.R_Address[0]" "/R_Address<0>"
"test.top.R_Address[1]" "/R_Address<1>"
"test.top.R_Address[2]" "/R_Address<2>"
"test.top.R_Address[3]" "/R_Address<3>"
"test.top.R_Address[4]" "/R_Address<4>"
"test.top.R_Address[5]" "/R_Address<5>"
"test.top.R_Address[6]" "/R_Address<6>"
"test.top.R_Address[7]" "/R_Address<7>"
"test.top.R_Address[8]" "/R_Address<8>"
"test.top.R_Address[9]" "/R_Address<9>"
"test.top.R_Address[10]" "/R_Address<10>"
"test.top.R_Address[11]" "/R_Address<11>"
"test.top.WData[30]" "/WData<30>"
"test.top.WData[31:0]" "/WData<31:0>"
"test.top.R_Address[11:0]" "/R_Address<11:0>"
"test.top.RData[31:0]" "/RData<31:0>"
"test.top.W_Address[11:0]" "/W_Address<11:0>"
"test.top.WDataAck[15:0]" "/WDataAck<15:0>"
