HEADER
"PSFversion" "1.00"
"test.top.WDataAck[7]" "/WDataAck<7>"
"test.top.WDataAck[6]" "/WDataAck<6>"
"test.top.WDataAck[5]" "/WDataAck<5>"
"test.top.WDataAck[4]" "/WDataAck<4>"
"test.top.WDataAck[3]" "/WDataAck<3>"
"test.top.WDataAck[2]" "/WDataAck<2>"
"test.top.WDataAck[1]" "/WDataAck<1>"
"test.top.Data1[4]" "/Data1<4>"
"test.top.CPU_Addr[12]" "/CPU_Addr<12>"
"test.top.WDataAck[0]" "/WDataAck<0>"
"test.top.Data1[5]" "/Data1<5>"
"test.top.CPU_Addr[24]" "/CPU_Addr<24>"
"test.top.CPU_Addr[23]" "/CPU_Addr<23>"
"test.top.CPU_Addr[1]" "/CPU_Addr<1>"
"test.top.CPU_Addr[18]" "/CPU_Addr<18>"
"test.top.CPU_Addr[19]" "/CPU_Addr<19>"
"test.top.RW[0]" "/RW<0>"
"test.top.Data1[15]" "/Data1<15>"
"test.top.CPU_Addr[27]" "/CPU_Addr<27>"
"test.top.Data1[13]" "/Data1<13>"
"test.top.Data1[7]" "/Data1<7>"
"test.top.CPU_Addr[11]" "/CPU_Addr<11>"
"test.top.CPU_Addr[20]" "/CPU_Addr<20>"
"test.top.CPU_Addr[10]" "/CPU_Addr<10>"
"test.top.CPU_Addr[25]" "/CPU_Addr<25>"
"test.top.CPU_Addr[9]" "/CPU_Addr<9>"
"test.top.CPU_Addr[8]" "/CPU_Addr<8>"
"test.top.CPU_Addr[5]" "/CPU_Addr<5>"
"test.top.Data1[6]" "/Data1<6>"
"test.top.Req" "/Req"
"test.top.CPU_Addr[26]" "/CPU_Addr<26>"
"test.top.CPU_Addr[3]" "/CPU_Addr<3>"
"test.top.CPU_Addr[30]" "/CPU_Addr<30>"
"test.top.CPU_Addr[29]" "/CPU_Addr<29>"
"test.top.CPU_Addr[21]" "/CPU_Addr<21>"
"test.top.CPU_Addr[22]" "/CPU_Addr<22>"
"test.top.CPU_Addr[2]" "/CPU_Addr<2>"
"test.top.RW[1]" "/RW<1>"
"test.top.Data1[14]" "/Data1<14>"
"test.top.Data1[8]" "/Data1<8>"
"test.top.Data1[12]" "/Data1<12>"
"test.top.Data1[10]" "/Data1<10>"
"test.top.Data1[1]" "/Data1<1>"
"test.top.Data1[0]" "/Data1<0>"
"test.top.CPU_Addr[16]" "/CPU_Addr<16>"
"test.top.CPU_Addr[15]" "/CPU_Addr<15>"
"test.top.CPU_Addr[14]" "/CPU_Addr<14>"
"test.top.CPU_Addr[7]" "/CPU_Addr<7>"
"test.top.CPU_Addr[0]" "/CPU_Addr<0>"
"test.top.Data1[9]" "/Data1<9>"
"test.top.CPU_Addr[17]" "/CPU_Addr<17>"
"test.top.CPU_Addr[31]" "/CPU_Addr<31>"
"test.top.CPU_Addr[32]" "/CPU_Addr<32>"
"test.top.CPU_Addr[4]" "/CPU_Addr<4>"
"test.top.Ack" "/Ack"
"test.top.Data1[2]" "/Data1<2>"
"test.top.CPU_Addr[6]" "/CPU_Addr<6>"
"test.top.Data1[11]" "/Data1<11>"
"test.top.CPU_Addr[13]" "/CPU_Addr<13>"
"test.top.CPU_Addr[28]" "/CPU_Addr<28>"
"test.top.Data1[3]" "/Data1<3>"
"test.top.WDataAck[7:0]" "/WDataAck<7:0>"
"test.top.Data1[15:0]" "/Data1<15:0>"
"test.top.RW[1:0]" "/RW<1:0>"
"test.top.CPU_Addr[32:0]" "/CPU_Addr<32:0>"
