HEADER
"PSFversion" "1.00"
"test.top.dataIn[28]" "/dataIn<28>"
"test.top.ackIn" "/ackIn"
"test.top.dataIn[31]" "/dataIn<31>"
"test.top.DataOut[31]" "/DataOut<31>"
"test.top.dataIn[30]" "/dataIn<30>"
"test.top.DataOut[30]" "/DataOut<30>"
"test.top.reqOut" "/reqOut"
"test.top.dataIn[27]" "/dataIn<27>"
"test.top.dataIn[26]" "/dataIn<26>"
"test.top.dataIn[25]" "/dataIn<25>"
"test.top.DataOut[29]" "/DataOut<29>"
"test.top.dataIn[24]" "/dataIn<24>"
"test.top.dataIn[5]" "/dataIn<5>"
"test.top.dataIn[6]" "/dataIn<6>"
"test.top.dataIn[7]" "/dataIn<7>"
"test.top.dataIn[8]" "/dataIn<8>"
"test.top.dataIn[9]" "/dataIn<9>"
"test.top.dataIn[10]" "/dataIn<10>"
"test.top.dataIn[11]" "/dataIn<11>"
"test.top.dataIn[12]" "/dataIn<12>"
"test.top.dataIn[13]" "/dataIn<13>"
"test.top.dataIn[14]" "/dataIn<14>"
"test.top.dataIn[15]" "/dataIn<15>"
"test.top.dataIn[16]" "/dataIn<16>"
"test.top.dataIn[17]" "/dataIn<17>"
"test.top.dataIn[18]" "/dataIn<18>"
"test.top.dataIn[23]" "/dataIn<23>"
"test.top.dataIn[22]" "/dataIn<22>"
"test.top.dataIn[19]" "/dataIn<19>"
"test.top.dataIn[21]" "/dataIn<21>"
"test.top.dataIn[20]" "/dataIn<20>"
"test.top.reqIn" "/reqIn"
"test.top.DataOut[28]" "/DataOut<28>"
"test.top.DataOut[27]" "/DataOut<27>"
"test.top.DataOut[26]" "/DataOut<26>"
"test.top.DataOut[25]" "/DataOut<25>"
"test.top.DataOut[24]" "/DataOut<24>"
"test.top.DataOut[23]" "/DataOut<23>"
"test.top.DataOut[0]" "/DataOut<0>"
"test.top.DataOut[1]" "/DataOut<1>"
"test.top.DataOut[22]" "/DataOut<22>"
"test.top.DataOut[21]" "/DataOut<21>"
"test.top.DataOut[20]" "/DataOut<20>"
"test.top.DataOut[19]" "/DataOut<19>"
"test.top.DataOut[18]" "/DataOut<18>"
"test.top.DataOut[17]" "/DataOut<17>"
"test.top.DataOut[16]" "/DataOut<16>"
"test.top.DataOut[15]" "/DataOut<15>"
"test.top.DataOut[14]" "/DataOut<14>"
"test.top.DataOut[13]" "/DataOut<13>"
"test.top.DataOut[12]" "/DataOut<12>"
"test.top.DataOut[11]" "/DataOut<11>"
"test.top.DataOut[10]" "/DataOut<10>"
"test.top.DataOut[9]" "/DataOut<9>"
"test.top.DataOut[8]" "/DataOut<8>"
"test.top.DataOut[7]" "/DataOut<7>"
"test.top.DataOut[6]" "/DataOut<6>"
"test.top.dataIn[4]" "/dataIn<4>"
"test.top.ackOut" "/ackOut"
"test.top.dataIn[3]" "/dataIn<3>"
"test.top.DataOut[5]" "/DataOut<5>"
"test.top.DataOut[4]" "/DataOut<4>"
"test.top.dataIn[29]" "/dataIn<29>"
"test.top.dataIn[2]" "/dataIn<2>"
"test.top.dataIn[1]" "/dataIn<1>"
"test.top.DataOut[3]" "/DataOut<3>"
"test.top.dataIn[0]" "/dataIn<0>"
"test.top.DataOut[2]" "/DataOut<2>"
"test.top.DataOut[31:0]" "/DataOut<31:0>"
"test.top.dataIn[31:0]" "/dataIn<31:0>"
