HEADER
"PSFversion" "1.00"
"test.top.WDataAck[10]" "/WDataAck<10>"
"test.top.WDataAck[11]" "/WDataAck<11>"
"test.top.WDataAck[12]" "/WDataAck<12>"
"test.top.WDataAck[13]" "/WDataAck<13>"
"test.top.WDataAck[14]" "/WDataAck<14>"
"test.top.WDataAck[15]" "/WDataAck<15>"
"test.top.WDataAck[16]" "/WDataAck<16>"
"test.top.WDataAck[17]" "/WDataAck<17>"
"test.top.WDataAck[18]" "/WDataAck<18>"
"test.top.WDataAck[19]" "/WDataAck<19>"
"test.top.WDataAck[20]" "/WDataAck<20>"
"test.top.WDataAck[21]" "/WDataAck<21>"
"test.top.WDataAck[22]" "/WDataAck<22>"
"test.top.WDataAck[23]" "/WDataAck<23>"
"test.top.WDataAck[24]" "/WDataAck<24>"
"test.top.WDataAck[25]" "/WDataAck<25>"
"test.top.WDataAck[26]" "/WDataAck<26>"
"test.top.WDataAck[27]" "/WDataAck<27>"
"test.top.WDataAck[28]" "/WDataAck<28>"
"test.top.WDataAck[29]" "/WDataAck<29>"
"test.top.WDataAck[30]" "/WDataAck<30>"
"test.top.WDataAck[31]" "/WDataAck<31>"
"test.top.RData[0]" "/RData<0>"
"test.top.RData[1]" "/RData<1>"
"test.top.RData[2]" "/RData<2>"
"test.top.RData[3]" "/RData<3>"
"test.top.RData[4]" "/RData<4>"
"test.top.RData[5]" "/RData<5>"
"test.top.RData[6]" "/RData<6>"
"test.top.RData[7]" "/RData<7>"
"test.top.RData[8]" "/RData<8>"
"test.top.RData[9]" "/RData<9>"
"test.top.RData[10]" "/RData<10>"
"test.top.RData[11]" "/RData<11>"
"test.top.RData[12]" "/RData<12>"
"test.top.RData[13]" "/RData<13>"
"test.top.RData[14]" "/RData<14>"
"test.top.RData[15]" "/RData<15>"
"test.top.RData[16]" "/RData<16>"
"test.top.RData[17]" "/RData<17>"
"test.top.RData[18]" "/RData<18>"
"test.top.RData[19]" "/RData<19>"
"test.top.RData[20]" "/RData<20>"
"test.top.RData[21]" "/RData<21>"
"test.top.RData[22]" "/RData<22>"
"test.top.RData[23]" "/RData<23>"
"test.top.RData[24]" "/RData<24>"
"test.top.RData[25]" "/RData<25>"
"test.top.RData[26]" "/RData<26>"
"test.top.RData[27]" "/RData<27>"
"test.top.RData[28]" "/RData<28>"
"test.top.RData[29]" "/RData<29>"
"test.top.RData[30]" "/RData<30>"
"test.top.RData[31]" "/RData<31>"
"test.top.Data1[32]" "/Data1<32>"
"test.top.Data1[33]" "/Data1<33>"
"test.top.Data1[34]" "/Data1<34>"
"test.top.Data1[35]" "/Data1<35>"
"test.top.Data1[36]" "/Data1<36>"
"test.top.Data1[37]" "/Data1<37>"
"test.top.Data1[38]" "/Data1<38>"
"test.top.Data1[39]" "/Data1<39>"
"test.top.Data1[40]" "/Data1<40>"
"test.top.Data1[41]" "/Data1<41>"
"test.top.Data1[42]" "/Data1<42>"
"test.top.Data1[43]" "/Data1<43>"
"test.top.Data1[44]" "/Data1<44>"
"test.top.Data1[45]" "/Data1<45>"
"test.top.Data1[46]" "/Data1<46>"
"test.top.Data1[47]" "/Data1<47>"
"test.top.Data1[48]" "/Data1<48>"
"test.top.Data1[49]" "/Data1<49>"
"test.top.Data1[50]" "/Data1<50>"
"test.top.Data1[51]" "/Data1<51>"
"test.top.W_Address[0]" "/W_Address<0>"
"test.top.W_Address[1]" "/W_Address<1>"
"test.top.W_Address[2]" "/W_Address<2>"
"test.top.W_Address[3]" "/W_Address<3>"
"test.top.W_Address[4]" "/W_Address<4>"
"test.top.W_Address[5]" "/W_Address<5>"
"test.top.W_Address[6]" "/W_Address<6>"
"test.top.W_Address[7]" "/W_Address<7>"
"test.top.W_Address[8]" "/W_Address<8>"
"test.top.W_Address[9]" "/W_Address<9>"
"test.top.W_Address[10]" "/W_Address<10>"
"test.top.W_Address[11]" "/W_Address<11>"
"test.top.WriteAck" "/WriteAck"
"test.top.WDataAck[0]" "/WDataAck<0>"
"test.top.WDataAck[1]" "/WDataAck<1>"
"test.top.WDataAck[2]" "/WDataAck<2>"
"test.top.WDataAck[3]" "/WDataAck<3>"
"test.top.WDataAck[4]" "/WDataAck<4>"
"test.top.WDataAck[5]" "/WDataAck<5>"
"test.top.WDataAck[6]" "/WDataAck<6>"
"test.top.WDataAck[7]" "/WDataAck<7>"
"test.top.WDataAck[8]" "/WDataAck<8>"
"test.top.WDataAck[9]" "/WDataAck<9>"
"test.top.RData[40]" "/RData<40>"
"test.top.RData[41]" "/RData<41>"
"test.top.RData[42]" "/RData<42>"
"test.top.RData[43]" "/RData<43>"
"test.top.RData[44]" "/RData<44>"
"test.top.RData[45]" "/RData<45>"
"test.top.RData[46]" "/RData<46>"
"test.top.RData[47]" "/RData<47>"
"test.top.RData[48]" "/RData<48>"
"test.top.RData[49]" "/RData<49>"
"test.top.RData[50]" "/RData<50>"
"test.top.RData[51]" "/RData<51>"
"test.top.RData[52]" "/RData<52>"
"test.top.RData[53]" "/RData<53>"
"test.top.RData[54]" "/RData<54>"
"test.top.RData[55]" "/RData<55>"
"test.top.RData[56]" "/RData<56>"
"test.top.RData[59]" "/RData<59>"
"test.top.RData[63]" "/RData<63>"
"test.top.RData[61]" "/RData<61>"
"test.top.RData[57]" "/RData<57>"
"test.top.Data1[52]" "/Data1<52>"
"test.top.Data1[53]" "/Data1<53>"
"test.top.Data1[54]" "/Data1<54>"
"test.top.Data1[55]" "/Data1<55>"
"test.top.Data1[56]" "/Data1<56>"
"test.top.Data1[57]" "/Data1<57>"
"test.top.Data1[58]" "/Data1<58>"
"test.top.Data1[59]" "/Data1<59>"
"test.top.Data1[60]" "/Data1<60>"
"test.top.Data1[61]" "/Data1<61>"
"test.top.Data1[62]" "/Data1<62>"
"test.top.Data1[63]" "/Data1<63>"
"test.top.Data1[16]" "/Data1<16>"
"test.top.Data1[17]" "/Data1<17>"
"test.top.Data1[18]" "/Data1<18>"
"test.top.Data1[19]" "/Data1<19>"
"test.top.Data1[20]" "/Data1<20>"
"test.top.Data1[21]" "/Data1<21>"
"test.top.Data1[22]" "/Data1<22>"
"test.top.Data1[23]" "/Data1<23>"
"test.top.Data1[24]" "/Data1<24>"
"test.top.Data1[25]" "/Data1<25>"
"test.top.Data1[26]" "/Data1<26>"
"test.top.Data1[27]" "/Data1<27>"
"test.top.Data1[28]" "/Data1<28>"
"test.top.Data1[29]" "/Data1<29>"
"test.top.Data1[30]" "/Data1<30>"
"test.top.Data1[31]" "/Data1<31>"
"test.top.ReadEn" "/ReadEn"
"test.top.ReadAck" "/ReadAck"
"test.top.RData[62]" "/RData<62>"
"test.top.RData[60]" "/RData<60>"
"test.top.RData[58]" "/RData<58>"
"test.top.WriteEn" "/WriteEn"
"test.top.R_Address[0]" "/R_Address<0>"
"test.top.R_Address[1]" "/R_Address<1>"
"test.top.R_Address[2]" "/R_Address<2>"
"test.top.R_Address[3]" "/R_Address<3>"
"test.top.R_Address[4]" "/R_Address<4>"
"test.top.R_Address[5]" "/R_Address<5>"
"test.top.R_Address[6]" "/R_Address<6>"
"test.top.R_Address[7]" "/R_Address<7>"
"test.top.R_Address[8]" "/R_Address<8>"
"test.top.R_Address[9]" "/R_Address<9>"
"test.top.R_Address[10]" "/R_Address<10>"
"test.top.R_Address[11]" "/R_Address<11>"
"test.top.Data1[0]" "/Data1<0>"
"test.top.Data1[1]" "/Data1<1>"
"test.top.Data1[2]" "/Data1<2>"
"test.top.Data1[3]" "/Data1<3>"
"test.top.Data1[4]" "/Data1<4>"
"test.top.Data1[5]" "/Data1<5>"
"test.top.Data1[6]" "/Data1<6>"
"test.top.Data1[7]" "/Data1<7>"
"test.top.Data1[8]" "/Data1<8>"
"test.top.Data1[9]" "/Data1<9>"
"test.top.Data1[10]" "/Data1<10>"
"test.top.Data1[11]" "/Data1<11>"
"test.top.Data1[12]" "/Data1<12>"
"test.top.Data1[13]" "/Data1<13>"
"test.top.Data1[14]" "/Data1<14>"
"test.top.Data1[15]" "/Data1<15>"
"test.top.RData[32]" "/RData<32>"
"test.top.RData[33]" "/RData<33>"
"test.top.RData[34]" "/RData<34>"
"test.top.RData[35]" "/RData<35>"
"test.top.RData[36]" "/RData<36>"
"test.top.RData[37]" "/RData<37>"
"test.top.RData[38]" "/RData<38>"
"test.top.RData[39]" "/RData<39>"
"test.top.WDataAck[31:0]" "/WDataAck<31:0>"
"test.top.Data1[63:0]" "/Data1<63:0>"
"test.top.R_Address[11:0]" "/R_Address<11:0>"
"test.top.W_Address[11:0]" "/W_Address<11:0>"
"test.top.RData[63:0]" "/RData<63:0>"
