HEADER
"PSFversion" "1.00"
"/cf" "test.top.cf"
"/Req" "test.top.Req"
"/st<23>" "test.top.st[23]"
"/st<22>" "test.top.st[22]"
"/st<21>" "test.top.st[21]"
"/st<20>" "test.top.st[20]"
"/st<19>" "test.top.st[19]"
"/af<25>" "test.top.af[25]"
"/bt<26>" "test.top.bt[26]"
"/sf<31>" "test.top.sf[31]"
"/at<31>" "test.top.at[31]"
"/bf<9>" "test.top.bf[9]"
"/bf<8>" "test.top.bf[8]"
"/st<14>" "test.top.st[14]"
"/st<13>" "test.top.st[13]"
"/dt" "test.top.dt"
"/bt<8>" "test.top.bt[8]"
"/bt<23>" "test.top.bt[23]"
"/bf<23>" "test.top.bf[23]"
"/at<8>" "test.top.at[8]"
"/at<7>" "test.top.at[7]"
"/bf<17>" "test.top.bf[17]"
"/bf<18>" "test.top.bf[18]"
"/at<30>" "test.top.at[30]"
"/af<2>" "test.top.af[2]"
"/af<23>" "test.top.af[23]"
"/df" "test.top.df"
"/ct" "test.top.ct"
"/at<6>" "test.top.at[6]"
"/af<20>" "test.top.af[20]"
"/af<19>" "test.top.af[19]"
"/af<21>" "test.top.af[21]"
"/bt<22>" "test.top.bt[22]"
"/bf<4>" "test.top.bf[4]"
"/bf<22>" "test.top.bf[22]"
"/sf<27>" "test.top.sf[27]"
"/af<22>" "test.top.af[22]"
"/sf<26>" "test.top.sf[26]"
"/sf<25>" "test.top.sf[25]"
"/at<21>" "test.top.at[21]"
"/at<22>" "test.top.at[22]"
"/bt<24>" "test.top.bt[24]"
"/af<1>" "test.top.af[1]"
"/sf<24>" "test.top.sf[24]"
"/st<28>" "test.top.st[28]"
"/at<0>" "test.top.at[0]"
"/sf<23>" "test.top.sf[23]"
"/st<31>" "test.top.st[31]"
"/st<30>" "test.top.st[30]"
"/at<1>" "test.top.at[1]"
"/af<26>" "test.top.af[26]"
"/st<4>" "test.top.st[4]"
"/sf<4>" "test.top.sf[4]"
"/st<26>" "test.top.st[26]"
"/st<3>" "test.top.st[3]"
"/bt<31>" "test.top.bt[31]"
"/sf<5>" "test.top.sf[5]"
"/sf<6>" "test.top.sf[6]"
"/at<13>" "test.top.at[13]"
"/bt<25>" "test.top.bt[25]"
"/bt<30>" "test.top.bt[30]"
"/bt<4>" "test.top.bt[4]"
"/st<25>" "test.top.st[25]"
"/sf<12>" "test.top.sf[12]"
"/bt<20>" "test.top.bt[20]"
"/bf<27>" "test.top.bf[27]"
"/st<0>" "test.top.st[0]"
"/st<8>" "test.top.st[8]"
"/bf<28>" "test.top.bf[28]"
"/bt<27>" "test.top.bt[27]"
"/sf<11>" "test.top.sf[11]"
"/at<11>" "test.top.at[11]"
"/bt<5>" "test.top.bt[5]"
"/bf<26>" "test.top.bf[26]"
"/af<27>" "test.top.af[27]"
"/bt<28>" "test.top.bt[28]"
"/bt<12>" "test.top.bt[12]"
"/bf<14>" "test.top.bf[14]"
"/st<27>" "test.top.st[27]"
"/sf<10>" "test.top.sf[10]"
"/bt<7>" "test.top.bt[7]"
"/bf<19>" "test.top.bf[19]"
"/at<10>" "test.top.at[10]"
"/at<9>" "test.top.at[9]"
"/bf<13>" "test.top.bf[13]"
"/bf<12>" "test.top.bf[12]"
"/bt<21>" "test.top.bt[21]"
"/bf<24>" "test.top.bf[24]"
"/st<17>" "test.top.st[17]"
"/af<28>" "test.top.af[28]"
"/bt<6>" "test.top.bt[6]"
"/bf<15>" "test.top.bf[15]"
"/af<12>" "test.top.af[12]"
"/sf<3>" "test.top.sf[3]"
"/sf<9>" "test.top.sf[9]"
"/bf<11>" "test.top.bf[11]"
"/bf<10>" "test.top.bf[10]"
"/bf<25>" "test.top.bf[25]"
"/sf<0>" "test.top.sf[0]"
"/sf<1>" "test.top.sf[1]"
"/sf<2>" "test.top.sf[2]"
"/sf<8>" "test.top.sf[8]"
"/af<7>" "test.top.af[7]"
"/af<8>" "test.top.af[8]"
"/sf<16>" "test.top.sf[16]"
"/sf<17>" "test.top.sf[17]"
"/sf<18>" "test.top.sf[18]"
"/sf<19>" "test.top.sf[19]"
"/sf<20>" "test.top.sf[20]"
"/at<14>" "test.top.at[14]"
"/at<15>" "test.top.at[15]"
"/at<26>" "test.top.at[26]"
"/at<25>" "test.top.at[25]"
"/bf<31>" "test.top.bf[31]"
"/af<10>" "test.top.af[10]"
"/sf<13>" "test.top.sf[13]"
"/sf<14>" "test.top.sf[14]"
"/af<6>" "test.top.af[6]"
"/at<24>" "test.top.at[24]"
"/st<11>" "test.top.st[11]"
"/at<23>" "test.top.at[23]"
"/bf<29>" "test.top.bf[29]"
"/bf<30>" "test.top.bf[30]"
"/st<6>" "test.top.st[6]"
"/af<0>" "test.top.af[0]"
"/bf<3>" "test.top.bf[3]"
"/bf<20>" "test.top.bf[20]"
"/bf<21>" "test.top.bf[21]"
"/af<9>" "test.top.af[9]"
"/af<11>" "test.top.af[11]"
"/sf<22>" "test.top.sf[22]"
"/af<17>" "test.top.af[17]"
"/bt<9>" "test.top.bt[9]"
"/bt<11>" "test.top.bt[11]"
"/bf<2>" "test.top.bf[2]"
"/bt<13>" "test.top.bt[13]"
"/st<7>" "test.top.st[7]"
"/at<19>" "test.top.at[19]"
"/st<5>" "test.top.st[5]"
"/st<10>" "test.top.st[10]"
"/st<9>" "test.top.st[9]"
"/bf<7>" "test.top.bf[7]"
"/sf<21>" "test.top.sf[21]"
"/at<20>" "test.top.at[20]"
"/af<16>" "test.top.af[16]"
"/af<15>" "test.top.af[15]"
"/at<5>" "test.top.at[5]"
"/at<4>" "test.top.at[4]"
"/at<3>" "test.top.at[3]"
"/at<28>" "test.top.at[28]"
"/at<27>" "test.top.at[27]"
"/sf<30>" "test.top.sf[30]"
"/st<16>" "test.top.st[16]"
"/af<14>" "test.top.af[14]"
"/st<15>" "test.top.st[15]"
"/af<13>" "test.top.af[13]"
"/at<18>" "test.top.at[18]"
"/bt<19>" "test.top.bt[19]"
"/bt<1>" "test.top.bt[1]"
"/st<24>" "test.top.st[24]"
"/at<17>" "test.top.at[17]"
"/bf<16>" "test.top.bf[16]"
"/af<24>" "test.top.af[24]"
"/bt<0>" "test.top.bt[0]"
"/at<16>" "test.top.at[16]"
"/af<3>" "test.top.af[3]"
"/bt<17>" "test.top.bt[17]"
"/af<30>" "test.top.af[30]"
"/sf<29>" "test.top.sf[29]"
"/af<5>" "test.top.af[5]"
"/at<29>" "test.top.at[29]"
"/at<12>" "test.top.at[12]"
"/bt<29>" "test.top.bt[29]"
"/bt<3>" "test.top.bt[3]"
"/bt<2>" "test.top.bt[2]"
"/sf<15>" "test.top.sf[15]"
"/bt<14>" "test.top.bt[14]"
"/af<29>" "test.top.af[29]"
"/st<2>" "test.top.st[2]"
"/st<29>" "test.top.st[29]"
"/bf<6>" "test.top.bf[6]"
"/af<18>" "test.top.af[18]"
"/bf<5>" "test.top.bf[5]"
"/st<12>" "test.top.st[12]"
"/bf<1>" "test.top.bf[1]"
"/bf<0>" "test.top.bf[0]"
"/bt<16>" "test.top.bt[16]"
"/st<1>" "test.top.st[1]"
"/af<31>" "test.top.af[31]"
"/sf<28>" "test.top.sf[28]"
"/bt<15>" "test.top.bt[15]"
"/bt<10>" "test.top.bt[10]"
"/at<2>" "test.top.at[2]"
"/bt<18>" "test.top.bt[18]"
"/af<4>" "test.top.af[4]"
"/sf<7>" "test.top.sf[7]"
"/st<18>" "test.top.st[18]"
"/st<31:0>" "test.top.st[31:0]"
"/bf<31:0>" "test.top.bf[31:0]"
"/bt<31:0>" "test.top.bt[31:0]"
"/sf<31:0>" "test.top.sf[31:0]"
"/at<31:0>" "test.top.at[31:0]"
"/af<31:0>" "test.top.af[31:0]"
