HEADER
"PSFversion" "1.00"
"/A<11>" "test.top.A[11]"
"/RdataAck<0>" "test.top.RdataAck[0]"
"/A<3>" "test.top.A[3]"
"/A<16>" "test.top.A[16]"
"/RData<7>" "test.top.RData[7]"
"/A<5>" "test.top.A[5]"
"/A<7>" "test.top.A[7]"
"/A<4>" "test.top.A[4]"
"/WdataAck<1>" "test.top.WdataAck[1]"
"/A<13>" "test.top.A[13]"
"/RW<1>" "test.top.RW[1]"
"/RW<0>" "test.top.RW[0]"
"/WData<7>" "test.top.WData[7]"
"/WData<1>" "test.top.WData[1]"
"/WData<3>" "test.top.WData[3]"
"/RData<4>" "test.top.RData[4]"
"/A<10>" "test.top.A[10]"
"/Ack" "test.top.Ack"
"/WdataAck<0>" "test.top.WdataAck[0]"
"/A<9>" "test.top.A[9]"
"/A<2>" "test.top.A[2]"
"/RData<0>" "test.top.RData[0]"
"/RData<3>" "test.top.RData[3]"
"/A<12>" "test.top.A[12]"
"/A<1>" "test.top.A[1]"
"/A<14>" "test.top.A[14]"
"/RData<1>" "test.top.RData[1]"
"/WData<5>" "test.top.WData[5]"
"/RData<6>" "test.top.RData[6]"
"/RData<5>" "test.top.RData[5]"
"/A<0>" "test.top.A[0]"
"/A<15>" "test.top.A[15]"
"/WData<0>" "test.top.WData[0]"
"/RData<2>" "test.top.RData[2]"
"/RdataAck<1>" "test.top.RdataAck[1]"
"/A<6>" "test.top.A[6]"
"/WData<6>" "test.top.WData[6]"
"/A<8>" "test.top.A[8]"
"/WData<4>" "test.top.WData[4]"
"/WData<2>" "test.top.WData[2]"
"/WData<7:0>" "test.top.WData[7:0]"
"/RW<1:0>" "test.top.RW[1:0]"
"/RData<7:0>" "test.top.RData[7:0]"
"/WdataAck<1:0>" "test.top.WdataAck[1:0]"
"/RdataAck<1:0>" "test.top.RdataAck[1:0]"
"/A<16:0>" "test.top.A[16:0]"
