HEADER
"PSFversion" "1.00"
"/WriteEn" "test.top.WriteEn"
"/RData<14>" "test.top.RData[14]"
"/WData<9>" "test.top.WData[9]"
"/WData<13>" "test.top.WData[13]"
"/WriteAck" "test.top.WriteAck"
"/WData<0>" "test.top.WData[0]"
"/WData<15>" "test.top.WData[15]"
"/ReadAck" "test.top.ReadAck"
"/WData<11>" "test.top.WData[11]"
"/RData<7>" "test.top.RData[7]"
"/RData<6>" "test.top.RData[6]"
"/RData<2>" "test.top.RData[2]"
"/WData<10>" "test.top.WData[10]"
"/RData<1>" "test.top.RData[1]"
"/RData<0>" "test.top.RData[0]"
"/WData<12>" "test.top.WData[12]"
"/RData<15>" "test.top.RData[15]"
"/WData<14>" "test.top.WData[14]"
"/RData<5>" "test.top.RData[5]"
"/RData<11>" "test.top.RData[11]"
"/RData<4>" "test.top.RData[4]"
"/RData<10>" "test.top.RData[10]"
"/WData<5>" "test.top.WData[5]"
"/RData<13>" "test.top.RData[13]"
"/WData<6>" "test.top.WData[6]"
"/WData<7>" "test.top.WData[7]"
"/WData<1>" "test.top.WData[1]"
"/WData<4>" "test.top.WData[4]"
"/WData<3>" "test.top.WData[3]"
"/WData<2>" "test.top.WData[2]"
"/RData<3>" "test.top.RData[3]"
"/WData<8>" "test.top.WData[8]"
"/RData<8>" "test.top.RData[8]"
"/W_Address<0>" "test.top.W_Address[0]"
"/W_Address<1>" "test.top.W_Address[1]"
"/W_Address<2>" "test.top.W_Address[2]"
"/W_Address<3>" "test.top.W_Address[3]"
"/W_Address<4>" "test.top.W_Address[4]"
"/W_Address<5>" "test.top.W_Address[5]"
"/W_Address<6>" "test.top.W_Address[6]"
"/W_Address<7>" "test.top.W_Address[7]"
"/W_Address<8>" "test.top.W_Address[8]"
"/W_Address<9>" "test.top.W_Address[9]"
"/W_Address<10>" "test.top.W_Address[10]"
"/W_Address<11>" "test.top.W_Address[11]"
"/ReadEn" "test.top.ReadEn"
"/R_Address<0>" "test.top.R_Address[0]"
"/R_Address<1>" "test.top.R_Address[1]"
"/R_Address<2>" "test.top.R_Address[2]"
"/R_Address<3>" "test.top.R_Address[3]"
"/R_Address<4>" "test.top.R_Address[4]"
"/R_Address<5>" "test.top.R_Address[5]"
"/R_Address<6>" "test.top.R_Address[6]"
"/R_Address<7>" "test.top.R_Address[7]"
"/R_Address<8>" "test.top.R_Address[8]"
"/R_Address<9>" "test.top.R_Address[9]"
"/R_Address<10>" "test.top.R_Address[10]"
"/R_Address<11>" "test.top.R_Address[11]"
"/WDataAck<0>" "test.top.WDataAck[0]"
"/WDataAck<3>" "test.top.WDataAck[3]"
"/WDataAck<7>" "test.top.WDataAck[7]"
"/RData<12>" "test.top.RData[12]"
"/WDataAck<5>" "test.top.WDataAck[5]"
"/WDataAck<1>" "test.top.WDataAck[1]"
"/RData<9>" "test.top.RData[9]"
"/WDataAck<4>" "test.top.WDataAck[4]"
"/WDataAck<2>" "test.top.WDataAck[2]"
"/WDataAck<6>" "test.top.WDataAck[6]"
"/R_Address<11:0>" "test.top.R_Address[11:0]"
"/WDataAck<7:0>" "test.top.WDataAck[7:0]"
"/W_Address<11:0>" "test.top.W_Address[11:0]"
"/RData<15:0>" "test.top.RData[15:0]"
"/WData<15:0>" "test.top.WData[15:0]"
