HEADER
"PSFversion" "1.00"
"test.top.WriteData[31]" "/WriteData<31>"
"test.top.WD_Ack[5]" "/WD_Ack<5>"
"test.top.WriteData[14]" "/WriteData<14>"
"test.top.WriteData[16]" "/WriteData<16>"
"test.top.WriteData[30]" "/WriteData<30>"
"test.top.W_Address[17]" "/W_Address<17>"
"test.top.WA_Ack[2]" "/WA_Ack<2>"
"test.top.W_Address[15]" "/W_Address<15>"
"test.top.RA_Ack[2]" "/RA_Ack<2>"
"test.top.R_Address[17]" "/R_Address<17>"
"test.top.R_Address[16]" "/R_Address<16>"
"test.top.ReadData[23]" "/ReadData<23>"
"test.top.WriteData[9]" "/WriteData<9>"
"test.top.WriteData[3]" "/WriteData<3>"
"test.top.WriteData[2]" "/WriteData<2>"
"test.top.RD_Ack[3]" "/RD_Ack<3>"
"test.top.ReadData[12]" "/ReadData<12>"
"test.top.WD_Ack[4]" "/WD_Ack<4>"
"test.top.ReadData[29]" "/ReadData<29>"
"test.top.WRW[1]" "/WRW<1>"
"test.top.WRW[0]" "/WRW<0>"
"test.top.W_Address[11]" "/W_Address<11>"
"test.top.WriteData[28]" "/WriteData<28>"
"test.top.WriteData[15]" "/WriteData<15>"
"test.top.ReadData[1]" "/ReadData<1>"
"test.top.W_Address[16]" "/W_Address<16>"
"test.top.WriteData[11]" "/WriteData<11>"
"test.top.WriteData[26]" "/WriteData<26>"
"test.top.W_Address[1]" "/W_Address<1>"
"test.top.WriteData[7]" "/WriteData<7>"
"test.top.WriteData[13]" "/WriteData<13>"
"test.top.RD_Ack[5]" "/RD_Ack<5>"
"test.top.W_Address[12]" "/W_Address<12>"
"test.top.R_Address[15]" "/R_Address<15>"
"test.top.WA_Ack[1]" "/WA_Ack<1>"
"test.top.WriteData[24]" "/WriteData<24>"
"test.top.WD_Ack[3]" "/WD_Ack<3>"
"test.top.WriteData[8]" "/WriteData<8>"
"test.top.WriteData[6]" "/WriteData<6>"
"test.top.WriteData[29]" "/WriteData<29>"
"test.top.ReadData[4]" "/ReadData<4>"
"test.top.WriteData[18]" "/WriteData<18>"
"test.top.WriteData[12]" "/WriteData<12>"
"test.top.WriteData[5]" "/WriteData<5>"
"test.top.WriteData[25]" "/WriteData<25>"
"test.top.W_Address[10]" "/W_Address<10>"
"test.top.WriteData[20]" "/WriteData<20>"
"test.top.WriteData[4]" "/WriteData<4>"
"test.top.W_Address[5]" "/W_Address<5>"
"test.top.WriteData[1]" "/WriteData<1>"
"test.top.ReadData[3]" "/ReadData<3>"
"test.top.W_Address[9]" "/W_Address<9>"
"test.top.W_Address[8]" "/W_Address<8>"
"test.top.ReadData[2]" "/ReadData<2>"
"test.top.WD_Ack[1]" "/WD_Ack<1>"
"test.top.W_Address[3]" "/W_Address<3>"
"test.top.W_Address[4]" "/W_Address<4>"
"test.top.RRW[1]" "/RRW<1>"
"test.top.RD_Ack[1]" "/RD_Ack<1>"
"test.top.W_Address[19]" "/W_Address<19>"
"test.top.WA_Ack[0]" "/WA_Ack<0>"
"test.top.RA_Ack[0]" "/RA_Ack<0>"
"test.top.ReadData[24]" "/ReadData<24>"
"test.top.WD_Ack[7]" "/WD_Ack<7>"
"test.top.WriteData[19]" "/WriteData<19>"
"test.top.WriteData[21]" "/WriteData<21>"
"test.top.WD_Ack[6]" "/WD_Ack<6>"
"test.top.WA_Ack[3]" "/WA_Ack<3>"
"test.top.ReadData[28]" "/ReadData<28>"
"test.top.WriteAck" "/WriteAck"
"test.top.W_Address[7]" "/W_Address<7>"
"test.top.ReadData[0]" "/ReadData<0>"
"test.top.ReadData[30]" "/ReadData<30>"
"test.top.W_Address[2]" "/W_Address<2>"
"test.top.WD_Ack[0]" "/WD_Ack<0>"
"test.top.ReadData[5]" "/ReadData<5>"
"test.top.WriteData[22]" "/WriteData<22>"
"test.top.ReadData[31]" "/ReadData<31>"
"test.top.ReadData[8]" "/ReadData<8>"
"test.top.ReadData[21]" "/ReadData<21>"
"test.top.R_Address[14]" "/R_Address<14>"
"test.top.RD_Ack[7]" "/RD_Ack<7>"
"test.top.R_Address[13]" "/R_Address<13>"
"test.top.RD_Ack[2]" "/RD_Ack<2>"
"test.top.RD_Ack[0]" "/RD_Ack<0>"
"test.top.ReadData[25]" "/ReadData<25>"
"test.top.RA_Ack[4]" "/RA_Ack<4>"
"test.top.R_Address[12]" "/R_Address<12>"
"test.top.R_Address[11]" "/R_Address<11>"
"test.top.ReadData[20]" "/ReadData<20>"
"test.top.WriteData[27]" "/WriteData<27>"
"test.top.ReadData[14]" "/ReadData<14>"
"test.top.R_Address[10]" "/R_Address<10>"
"test.top.ReadData[13]" "/ReadData<13>"
"test.top.R_Address[9]" "/R_Address<9>"
"test.top.R_Address[8]" "/R_Address<8>"
"test.top.WD_Ack[2]" "/WD_Ack<2>"
"test.top.R_Address[7]" "/R_Address<7>"
"test.top.R_Address[6]" "/R_Address<6>"
"test.top.ReadData[17]" "/ReadData<17>"
"test.top.ReadData[11]" "/ReadData<11>"
"test.top.R_Address[5]" "/R_Address<5>"
"test.top.WriteData[23]" "/WriteData<23>"
"test.top.ReadData[27]" "/ReadData<27>"
"test.top.RA_Ack[3]" "/RA_Ack<3>"
"test.top.ReadData[26]" "/ReadData<26>"
"test.top.R_Address[4]" "/R_Address<4>"
"test.top.R_Address[3]" "/R_Address<3>"
"test.top.R_Address[2]" "/R_Address<2>"
"test.top.R_Address[1]" "/R_Address<1>"
"test.top.R_Address[0]" "/R_Address<0>"
"test.top.ReadData[16]" "/ReadData<16>"
"test.top.R_Address[18]" "/R_Address<18>"
"test.top.ReadAck" "/ReadAck"
"test.top.ReadData[10]" "/ReadData<10>"
"test.top.ReadData[7]" "/ReadData<7>"
"test.top.WriteData[17]" "/WriteData<17>"
"test.top.R_Address[19]" "/R_Address<19>"
"test.top.RD_Ack[6]" "/RD_Ack<6>"
"test.top.RA_Ack[1]" "/RA_Ack<1>"
"test.top.W_Address[18]" "/W_Address<18>"
"test.top.RD_Ack[4]" "/RD_Ack<4>"
"test.top.ReadData[19]" "/ReadData<19>"
"test.top.W_Address[6]" "/W_Address<6>"
"test.top.ReadData[22]" "/ReadData<22>"
"test.top.W_Address[0]" "/W_Address<0>"
"test.top.ReadData[18]" "/ReadData<18>"
"test.top.W_Address[14]" "/W_Address<14>"
"test.top.W_Address[13]" "/W_Address<13>"
"test.top.ReadData[15]" "/ReadData<15>"
"test.top.WA_Ack[4]" "/WA_Ack<4>"
"test.top.ReadData[9]" "/ReadData<9>"
"test.top.RRW[0]" "/RRW<0>"
"test.top.WriteData[10]" "/WriteData<10>"
"test.top.ReadData[6]" "/ReadData<6>"
"test.top.WriteData[0]" "/WriteData<0>"
"test.top.WriteData[31:0]" "/WriteData<31:0>"
"test.top.WD_Ack[7:0]" "/WD_Ack<7:0>"
"test.top.W_Address[19:0]" "/W_Address<19:0>"
"test.top.WA_Ack[4:0]" "/WA_Ack<4:0>"
"test.top.RD_Ack[7:0]" "/RD_Ack<7:0>"
"test.top.WRW[1:0]" "/WRW<1:0>"
"test.top.ReadData[31:0]" "/ReadData<31:0>"
"test.top.RA_Ack[4:0]" "/RA_Ack<4:0>"
"test.top.R_Address[19:0]" "/R_Address<19:0>"
"test.top.RRW[1:0]" "/RRW<1:0>"
