HEADER
"PSFversion" "1.00"
"/WriteData<3>" "test.top.WriteData[3]"
"/WriteData<31>" "test.top.WriteData[31]"
"/R_Address<17>" "test.top.R_Address[17]"
"/WriteData<14>" "test.top.WriteData[14]"
"/W_Address<6>" "test.top.W_Address[6]"
"/W_Address<9>" "test.top.W_Address[9]"
"/W_Address<1>" "test.top.W_Address[1]"
"/RD_Ack<5>" "test.top.RD_Ack[5]"
"/WD_Ack<3>" "test.top.WD_Ack[3]"
"/WA_Ack<2>" "test.top.WA_Ack[2]"
"/W_Address<17>" "test.top.W_Address[17]"
"/W_Address<14>" "test.top.W_Address[14]"
"/W_Address<16>" "test.top.W_Address[16]"
"/W_Address<8>" "test.top.W_Address[8]"
"/R_Address<16>" "test.top.R_Address[16]"
"/ReadData<29>" "test.top.ReadData[29]"
"/WD_Ack<5>" "test.top.WD_Ack[5]"
"/WriteData<9>" "test.top.WriteData[9]"
"/R_Address<19>" "test.top.R_Address[19]"
"/WriteData<11>" "test.top.WriteData[11]"
"/WriteData<8>" "test.top.WriteData[8]"
"/R_Address<18>" "test.top.R_Address[18]"
"/ReadData<15>" "test.top.ReadData[15]"
"/WriteData<29>" "test.top.WriteData[29]"
"/W_Address<11>" "test.top.W_Address[11]"
"/ReadData<1>" "test.top.ReadData[1]"
"/WriteData<2>" "test.top.WriteData[2]"
"/WriteData<16>" "test.top.WriteData[16]"
"/W_Address<10>" "test.top.W_Address[10]"
"/WriteData<0>" "test.top.WriteData[0]"
"/ReadData<16>" "test.top.ReadData[16]"
"/W_Address<13>" "test.top.W_Address[13]"
"/WriteData<10>" "test.top.WriteData[10]"
"/WriteData<26>" "test.top.WriteData[26]"
"/RA_Ack<1>" "test.top.RA_Ack[1]"
"/RA_Ack<2>" "test.top.RA_Ack[2]"
"/WriteData<17>" "test.top.WriteData[17]"
"/W_Address<15>" "test.top.W_Address[15]"
"/RD_Ack<4>" "test.top.RD_Ack[4]"
"/R_Address<15>" "test.top.R_Address[15]"
"/ReadData<4>" "test.top.ReadData[4]"
"/W_Address<5>" "test.top.W_Address[5]"
"/WRW<0>" "test.top.WRW[0]"
"/WriteData<22>" "test.top.WriteData[22]"
"/WriteData<1>" "test.top.WriteData[1]"
"/WRW<1>" "test.top.WRW[1]"
"/WriteData<20>" "test.top.WriteData[20]"
"/ReadData<3>" "test.top.ReadData[3]"
"/WriteData<15>" "test.top.WriteData[15]"
"/ReadData<14>" "test.top.ReadData[14]"
"/ReadData<2>" "test.top.ReadData[2]"
"/WD_Ack<1>" "test.top.WD_Ack[1]"
"/WriteData<25>" "test.top.WriteData[25]"
"/WriteData<19>" "test.top.WriteData[19]"
"/WriteData<5>" "test.top.WriteData[5]"
"/WD_Ack<7>" "test.top.WD_Ack[7]"
"/ReadData<20>" "test.top.ReadData[20]"
"/WriteData<21>" "test.top.WriteData[21]"
"/RD_Ack<3>" "test.top.RD_Ack[3]"
"/WA_Ack<0>" "test.top.WA_Ack[0]"
"/ReadData<24>" "test.top.ReadData[24]"
"/RA_Ack<4>" "test.top.RA_Ack[4]"
"/RA_Ack<3>" "test.top.RA_Ack[3]"
"/RD_Ack<6>" "test.top.RD_Ack[6]"
"/ReadData<28>" "test.top.ReadData[28]"
"/WD_Ack<4>" "test.top.WD_Ack[4]"
"/WriteData<28>" "test.top.WriteData[28]"
"/ReadData<0>" "test.top.ReadData[0]"
"/ReadData<30>" "test.top.ReadData[30]"
"/WriteData<18>" "test.top.WriteData[18]"
"/WD_Ack<0>" "test.top.WD_Ack[0]"
"/ReadData<5>" "test.top.ReadData[5]"
"/WriteAck" "test.top.WriteAck"
"/ReadData<31>" "test.top.ReadData[31]"
"/RD_Ack<0>" "test.top.RD_Ack[0]"
"/W_Address<4>" "test.top.W_Address[4]"
"/ReadData<8>" "test.top.ReadData[8]"
"/ReadData<23>" "test.top.ReadData[23]"
"/W_Address<0>" "test.top.W_Address[0]"
"/WriteData<4>" "test.top.WriteData[4]"
"/ReadData<17>" "test.top.ReadData[17]"
"/R_Address<14>" "test.top.R_Address[14]"
"/R_Address<13>" "test.top.R_Address[13]"
"/ReadData<25>" "test.top.ReadData[25]"
"/RRW<1>" "test.top.RRW[1]"
"/R_Address<12>" "test.top.R_Address[12]"
"/R_Address<11>" "test.top.R_Address[11]"
"/R_Address<10>" "test.top.R_Address[10]"
"/R_Address<9>" "test.top.R_Address[9]"
"/ReadData<22>" "test.top.ReadData[22]"
"/R_Address<8>" "test.top.R_Address[8]"
"/WriteData<30>" "test.top.WriteData[30]"
"/WD_Ack<2>" "test.top.WD_Ack[2]"
"/R_Address<7>" "test.top.R_Address[7]"
"/ReadData<13>" "test.top.ReadData[13]"
"/R_Address<6>" "test.top.R_Address[6]"
"/RD_Ack<2>" "test.top.RD_Ack[2]"
"/ReadData<11>" "test.top.ReadData[11]"
"/R_Address<5>" "test.top.R_Address[5]"
"/ReadData<27>" "test.top.ReadData[27]"
"/RRW<0>" "test.top.RRW[0]"
"/ReadData<18>" "test.top.ReadData[18]"
"/ReadData<26>" "test.top.ReadData[26]"
"/R_Address<4>" "test.top.R_Address[4]"
"/R_Address<3>" "test.top.R_Address[3]"
"/R_Address<2>" "test.top.R_Address[2]"
"/R_Address<1>" "test.top.R_Address[1]"
"/R_Address<0>" "test.top.R_Address[0]"
"/RD_Ack<1>" "test.top.RD_Ack[1]"
"/WA_Ack<4>" "test.top.WA_Ack[4]"
"/W_Address<18>" "test.top.W_Address[18]"
"/WA_Ack<3>" "test.top.WA_Ack[3]"
"/RA_Ack<0>" "test.top.RA_Ack[0]"
"/ReadData<19>" "test.top.ReadData[19]"
"/ReadData<10>" "test.top.ReadData[10]"
"/ReadData<7>" "test.top.ReadData[7]"
"/W_Address<19>" "test.top.W_Address[19]"
"/W_Address<12>" "test.top.W_Address[12]"
"/WA_Ack<1>" "test.top.WA_Ack[1]"
"/WriteData<23>" "test.top.WriteData[23]"
"/ReadAck" "test.top.ReadAck"
"/ReadData<12>" "test.top.ReadData[12]"
"/WriteData<27>" "test.top.WriteData[27]"
"/WriteData<7>" "test.top.WriteData[7]"
"/WriteData<6>" "test.top.WriteData[6]"
"/W_Address<3>" "test.top.W_Address[3]"
"/W_Address<7>" "test.top.W_Address[7]"
"/WriteData<12>" "test.top.WriteData[12]"
"/W_Address<2>" "test.top.W_Address[2]"
"/WriteData<13>" "test.top.WriteData[13]"
"/WriteData<24>" "test.top.WriteData[24]"
"/RD_Ack<7>" "test.top.RD_Ack[7]"
"/ReadData<21>" "test.top.ReadData[21]"
"/ReadData<9>" "test.top.ReadData[9]"
"/WD_Ack<6>" "test.top.WD_Ack[6]"
"/ReadData<6>" "test.top.ReadData[6]"
"/WriteData<31:0>" "test.top.WriteData[31:0]"
"/W_Address<19:0>" "test.top.W_Address[19:0]"
"/WD_Ack<7:0>" "test.top.WD_Ack[7:0]"
"/RD_Ack<7:0>" "test.top.RD_Ack[7:0]"
"/WA_Ack<4:0>" "test.top.WA_Ack[4:0]"
"/WRW<1:0>" "test.top.WRW[1:0]"
"/ReadData<31:0>" "test.top.ReadData[31:0]"
"/RA_Ack<4:0>" "test.top.RA_Ack[4:0]"
"/R_Address<19:0>" "test.top.R_Address[19:0]"
"/RRW<1:0>" "test.top.RRW[1:0]"
