HEADER
"PSFversion" "1.00"
"/GoW" "test.top.GoW"
"/W1<26>" "test.top.W1[26]"
"/W_Ack" "test.top.W_Ack"
"/W0<24>" "test.top.W0[24]"
"/W1<27>" "test.top.W1[27]"
"/R1<24>" "test.top.R1[24]"
"/W0<25>" "test.top.W0[25]"
"/W_Addr<6>" "test.top.W_Addr[6]"
"/R1<23>" "test.top.R1[23]"
"/W1<28>" "test.top.W1[28]"
"/R1<26>" "test.top.R1[26]"
"/R0<31>" "test.top.R0[31]"
"/R0<18>" "test.top.R0[18]"
"/R1<22>" "test.top.R1[22]"
"/W0<26>" "test.top.W0[26]"
"/Reset" "test.top.Reset"
"/R0<6>" "test.top.R0[6]"
"/W_Addr<2>" "test.top.W_Addr[2]"
"/R_Addr<0>" "test.top.R_Addr[0]"
"/W_Addr<5>" "test.top.W_Addr[5]"
"/R0<5>" "test.top.R0[5]"
"/R1<25>" "test.top.R1[25]"
"/W1<30>" "test.top.W1[30]"
"/W_Addr<4>" "test.top.W_Addr[4]"
"/W0<28>" "test.top.W0[28]"
"/W1<24>" "test.top.W1[24]"
"/R_Addr<1>" "test.top.R_Addr[1]"
"/R0<4>" "test.top.R0[4]"
"/W_Addr<3>" "test.top.W_Addr[3]"
"/W_Addr<1>" "test.top.W_Addr[1]"
"/R1<17>" "test.top.R1[17]"
"/W_Addr<0>" "test.top.W_Addr[0]"
"/W0<23>" "test.top.W0[23]"
"/W1<22>" "test.top.W1[22]"
"/W0<22>" "test.top.W0[22]"
"/R1<21>" "test.top.R1[21]"
"/R1<29>" "test.top.R1[29]"
"/W0<21>" "test.top.W0[21]"
"/R0<21>" "test.top.R0[21]"
"/R1<20>" "test.top.R1[20]"
"/GoR" "test.top.GoR"
"/W0<15>" "test.top.W0[15]"
"/R1<31>" "test.top.R1[31]"
"/W0<4>" "test.top.W0[4]"
"/R0<3>" "test.top.R0[3]"
"/W1<15>" "test.top.W1[15]"
"/W0<20>" "test.top.W0[20]"
"/R0<14>" "test.top.R0[14]"
"/R0<13>" "test.top.R0[13]"
"/W0<14>" "test.top.W0[14]"
"/R1<11>" "test.top.R1[11]"
"/W1<23>" "test.top.W1[23]"
"/R0<28>" "test.top.R0[28]"
"/W0<13>" "test.top.W0[13]"
"/R1<12>" "test.top.R1[12]"
"/R1<1>" "test.top.R1[1]"
"/W1<14>" "test.top.W1[14]"
"/R0<2>" "test.top.R0[2]"
"/W0<8>" "test.top.W0[8]"
"/R0<11>" "test.top.R0[11]"
"/W1<13>" "test.top.W1[13]"
"/W1<21>" "test.top.W1[21]"
"/R0<1>" "test.top.R0[1]"
"/R0<22>" "test.top.R0[22]"
"/R1<13>" "test.top.R1[13]"
"/R0<10>" "test.top.R0[10]"
"/R_Addr<2>" "test.top.R_Addr[2]"
"/W1<1>" "test.top.W1[1]"
"/R0<12>" "test.top.R0[12]"
"/R0<0>" "test.top.R0[0]"
"/R_Ack" "test.top.R_Ack"
"/W0<2>" "test.top.W0[2]"
"/R0<8>" "test.top.R0[8]"
"/W1<20>" "test.top.W1[20]"
"/R1<0>" "test.top.R1[0]"
"/W0<27>" "test.top.W0[27]"
"/W0<10>" "test.top.W0[10]"
"/R1<10>" "test.top.R1[10]"
"/W0<9>" "test.top.W0[9]"
"/R0<17>" "test.top.R0[17]"
"/R1<16>" "test.top.R1[16]"
"/R_Addr<4>" "test.top.R_Addr[4]"
"/R1<15>" "test.top.R1[15]"
"/R1<6>" "test.top.R1[6]"
"/W0<31>" "test.top.W0[31]"
"/W1<7>" "test.top.W1[7]"
"/W1<6>" "test.top.W1[6]"
"/R0<25>" "test.top.R0[25]"
"/W1<5>" "test.top.W1[5]"
"/R1<9>" "test.top.R1[9]"
"/R0<9>" "test.top.R0[9]"
"/R1<8>" "test.top.R1[8]"
"/R1<18>" "test.top.R1[18]"
"/R1<19>" "test.top.R1[19]"
"/W1<4>" "test.top.W1[4]"
"/W1<2>" "test.top.W1[2]"
"/W1<3>" "test.top.W1[3]"
"/R1<7>" "test.top.R1[7]"
"/R1<27>" "test.top.R1[27]"
"/W0<1>" "test.top.W0[1]"
"/R1<28>" "test.top.R1[28]"
"/W0<0>" "test.top.W0[0]"
"/W0<29>" "test.top.W0[29]"
"/R0<20>" "test.top.R0[20]"
"/R1<5>" "test.top.R1[5]"
"/W0<30>" "test.top.W0[30]"
"/W1<10>" "test.top.W1[10]"
"/R0<30>" "test.top.R0[30]"
"/R0<19>" "test.top.R0[19]"
"/W0<19>" "test.top.W0[19]"
"/R_Addr<3>" "test.top.R_Addr[3]"
"/W0<18>" "test.top.W0[18]"
"/R1<4>" "test.top.R1[4]"
"/W0<7>" "test.top.W0[7]"
"/R1<14>" "test.top.R1[14]"
"/W0<17>" "test.top.W0[17]"
"/R_Addr<6>" "test.top.R_Addr[6]"
"/R1<3>" "test.top.R1[3]"
"/R1<2>" "test.top.R1[2]"
"/W0<16>" "test.top.W0[16]"
"/R0<29>" "test.top.R0[29]"
"/W1<9>" "test.top.W1[9]"
"/W1<29>" "test.top.W1[29]"
"/R1<30>" "test.top.R1[30]"
"/W1<8>" "test.top.W1[8]"
"/R0<7>" "test.top.R0[7]"
"/R0<27>" "test.top.R0[27]"
"/R0<26>" "test.top.R0[26]"
"/W0<6>" "test.top.W0[6]"
"/W1<25>" "test.top.W1[25]"
"/R_Addr<5>" "test.top.R_Addr[5]"
"/W1<12>" "test.top.W1[12]"
"/W1<19>" "test.top.W1[19]"
"/W1<11>" "test.top.W1[11]"
"/W0<5>" "test.top.W0[5]"
"/W1<31>" "test.top.W1[31]"
"/W0<12>" "test.top.W0[12]"
"/W1<18>" "test.top.W1[18]"
"/R0<24>" "test.top.R0[24]"
"/W1<0>" "test.top.W1[0]"
"/W1<17>" "test.top.W1[17]"
"/W1<16>" "test.top.W1[16]"
"/W0<11>" "test.top.W0[11]"
"/R0<16>" "test.top.R0[16]"
"/W0<3>" "test.top.W0[3]"
"/R0<23>" "test.top.R0[23]"
"/R0<15>" "test.top.R0[15]"
"/R1<31:0>" "test.top.R1[31:0]"
"/R_Addr<6:0>" "test.top.R_Addr[6:0]"
"/W1<31:0>" "test.top.W1[31:0]"
"/R0<31:0>" "test.top.R0[31:0]"
"/W0<31:0>" "test.top.W0[31:0]"
"/W_Addr<6:0>" "test.top.W_Addr[6:0]"
