HEADER
"PSFversion" "1.00"
"test.top.A[15]" "/A<15>"
"test.top.A[11]" "/A<11>"
"test.top.A[14]" "/A<14>"
"test.top.RData[2]" "/RData<2>"
"test.top.A[7]" "/A<7>"
"test.top.A[2]" "/A<2>"
"test.top.A[3]" "/A<3>"
"test.top.A[9]" "/A<9>"
"test.top.RAck[1]" "/RAck<1>"
"test.top.A[1]" "/A<1>"
"test.top.A[0]" "/A<0>"
"test.top.A[4]" "/A<4>"
"test.top.RAck[0]" "/RAck<0>"
"test.top.RData[7]" "/RData<7>"
"test.top.A[10]" "/A<10>"
"test.top.RData[6]" "/RData<6>"
"test.top.RData[5]" "/RData<5>"
"test.top.RData[4]" "/RData<4>"
"test.top.RData[0]" "/RData<0>"
"test.top.Ack" "/Ack"
"test.top.A[13]" "/A<13>"
"test.top.RW[0]" "/RW<0>"
"test.top.RW[1]" "/RW<1>"
"test.top.A[5]" "/A<5>"
"test.top.A[8]" "/A<8>"
"test.top.WAck[1]" "/WAck<1>"
"test.top.Req" "/Req"
"test.top.WAck[0]" "/WAck<0>"
"test.top.A[12]" "/A<12>"
"test.top.WData[7]" "/WData<7>"
"test.top.WData[6]" "/WData<6>"
"test.top.WData[3]" "/WData<3>"
"test.top.WData[2]" "/WData<2>"
"test.top.WData[1]" "/WData<1>"
"test.top.A[6]" "/A<6>"
"test.top.WData[0]" "/WData<0>"
"test.top.RData[1]" "/RData<1>"
"test.top.WData[4]" "/WData<4>"
"test.top.WData[5]" "/WData<5>"
"test.top.RData[3]" "/RData<3>"
"test.top.WData[7:0]" "/WData<7:0>"
"test.top.RW[1:0]" "/RW<1:0>"
"test.top.RData[7:0]" "/RData<7:0>"
"test.top.A[15:0]" "/A<15:0>"
"test.top.RAck[1:0]" "/RAck<1:0>"
"test.top.WAck[1:0]" "/WAck<1:0>"
