HEADER
"PSFversion" "1.00"
"test.top.R_Address[11]" "/R_Address<11>"
"test.top.W_Address[11]" "/W_Address<11>"
"test.top.WriteAck" "/WriteAck"
"test.top.W_AddresAck[4]" "/W_AddresAck<4>"
"test.top.W_Address[19]" "/W_Address<19>"
"test.top.W_Address[15]" "/W_Address<15>"
"test.top.W_AddresAck[3]" "/W_AddresAck<3>"
"test.top.RdataAck[0]" "/RdataAck<0>"
"test.top.R_AddressAck[4]" "/R_AddressAck<4>"
"test.top.W_Address[6]" "/W_Address<6>"
"test.top.R_AddressAck[1]" "/R_AddressAck<1>"
"test.top.RRW[1]" "/RRW<1>"
"test.top.W_Address[5]" "/W_Address<5>"
"test.top.R_Address[17]" "/R_Address<17>"
"test.top.W_Address[14]" "/W_Address<14>"
"test.top.R_Address[4]" "/R_Address<4>"
"test.top.W_Address[4]" "/W_Address<4>"
"test.top.WdataAck[0]" "/WdataAck<0>"
"test.top.W_AddresAck[2]" "/W_AddresAck<2>"
"test.top.WData[2]" "/WData<2>"
"test.top.R_Address[10]" "/R_Address<10>"
"test.top.RData[3]" "/RData<3>"
"test.top.WdataAck[1]" "/WdataAck<1>"
"test.top.R_Address[12]" "/R_Address<12>"
"test.top.W_Address[3]" "/W_Address<3>"
"test.top.RData[2]" "/RData<2>"
"test.top.W_Address[10]" "/W_Address<10>"
"test.top.R_Address[15]" "/R_Address<15>"
"test.top.RData[1]" "/RData<1>"
"test.top.W_Address[16]" "/W_Address<16>"
"test.top.W_Address[18]" "/W_Address<18>"
"test.top.RdataAck[1]" "/RdataAck<1>"
"test.top.W_Address[0]" "/W_Address<0>"
"test.top.W_Address[8]" "/W_Address<8>"
"test.top.WData[7]" "/WData<7>"
"test.top.W_Address[9]" "/W_Address<9>"
"test.top.WData[6]" "/WData<6>"
"test.top.WRW[0]" "/WRW<0>"
"test.top.R_Address[19]" "/R_Address<19>"
"test.top.R_Address[2]" "/R_Address<2>"
"test.top.R_Address[14]" "/R_Address<14>"
"test.top.R_Address[13]" "/R_Address<13>"
"test.top.R_Address[18]" "/R_Address<18>"
"test.top.WData[4]" "/WData<4>"
"test.top.R_Address[1]" "/R_Address<1>"
"test.top.RData[6]" "/RData<6>"
"test.top.WRW[1]" "/WRW<1>"
"test.top.WData[3]" "/WData<3>"
"test.top.WData[0]" "/WData<0>"
"test.top.RData[5]" "/RData<5>"
"test.top.W_Address[12]" "/W_Address<12>"
"test.top.RData[4]" "/RData<4>"
"test.top.RData[0]" "/RData<0>"
"test.top.W_Address[13]" "/W_Address<13>"
"test.top.RRW[0]" "/RRW<0>"
"test.top.R_Address[9]" "/R_Address<9>"
"test.top.W_Address[7]" "/W_Address<7>"
"test.top.R_Address[8]" "/R_Address<8>"
"test.top.W_Address[2]" "/W_Address<2>"
"test.top.R_Address[7]" "/R_Address<7>"
"test.top.R_Address[16]" "/R_Address<16>"
"test.top.R_Address[6]" "/R_Address<6>"
"test.top.W_AddresAck[1]" "/W_AddresAck<1>"
"test.top.R_Address[5]" "/R_Address<5>"
"test.top.R_Address[3]" "/R_Address<3>"
"test.top.R_Address[0]" "/R_Address<0>"
"test.top.WData[5]" "/WData<5>"
"test.top.WData[1]" "/WData<1>"
"test.top.R_AddressAck[0]" "/R_AddressAck<0>"
"test.top.R_AddressAck[3]" "/R_AddressAck<3>"
"test.top.RData[7]" "/RData<7>"
"test.top.R_AddressAck[2]" "/R_AddressAck<2>"
"test.top.ReadAck" "/ReadAck"
"test.top.W_AddresAck[0]" "/W_AddresAck<0>"
"test.top.W_Address[17]" "/W_Address<17>"
"test.top.W_Address[1]" "/W_Address<1>"
"test.top.WData[7:0]" "/WData<7:0>"
"test.top.W_Address[19:0]" "/W_Address<19:0>"
"test.top.RData[7:0]" "/RData<7:0>"
"test.top.WRW[1:0]" "/WRW<1:0>"
"test.top.WdataAck[1:0]" "/WdataAck<1:0>"
"test.top.R_AddressAck[4:0]" "/R_AddressAck<4:0>"
"test.top.R_Address[19:0]" "/R_Address<19:0>"
"test.top.RdataAck[1:0]" "/RdataAck<1:0>"
"test.top.RRW[1:0]" "/RRW<1:0>"
"test.top.W_AddresAck[4:0]" "/W_AddresAck<4:0>"
